// Vitest Snapshot v1, https://vitest.dev/guide/snapshot.html

exports[`Checkout > Should render the checkout page 1`] = `
<div>
  <div
    class="homeContainer"
  >
    <div
      class="nav-bar"
    >
      <div
        class="nav-links"
      >
        <ul>
          <li>
            <a
              href="/"
            >
              <h1>
                Home
              </h1>
            </a>
          </li>
          <a
            href="/shop"
          >
            <li>
              Shop
            </li>
          </a>
        </ul>
      </div>
      <a
        href="/checkout"
      >
        <div
          class="cart"
        >
          <p>
             Cart Icon
          </p>
        </div>
      </a>
    </div>
    <div
      class="main-checkout"
    >
      <div
        class="right-container"
      >
        <div
          class="cart-item"
        >
          <div
            class="cart-item-left"
          >
            <div
              class="item-price"
            >
              $
              321
            </div>
          </div>
          <div
            class="cart-item-right"
          >
            <div
              class="item-title"
            />
          </div>
        </div>
        <div
          class="cart-item"
        >
          <div
            class="cart-item-left"
          >
            <div
              class="item-price"
            >
              $
              22
            </div>
          </div>
          <div
            class="cart-item-right"
          >
            <div
              class="item-title"
            />
          </div>
        </div>
      </div>
      <div
        class="left-container"
      >
        TOTAL: $
        343
      </div>
    </div>
  </div>
</div>
`;
